Hello, world!
Give input: Here's your input back: Input
os_itoa() test passed!
PID: 13211
